// Jest Snapshot v1, https://goo.gl/fbAQLP

exports[`betterer ci should add a diff to the suiteSummary if there is any change to the results file 1`] = `
Array [
  "🌟 Betterer (0ms):
",
  "🌟 Betterer (0ms): 1 test running...
🤔 test: running \\"test\\"!
",
  "🌟 Betterer (0ms): 1 test running...
✅ test: \\"test\\" got checked for the first time! (1 issue) 🎉
",
  "🎉 Betterer (0ms): 1 test done!
✅ test: \\"test\\" got checked for the first time! (1 issue) 🎉
",
  "🎉 Betterer (0ms): 1 test done!
✅ test: \\"test\\" got checked for the first time! (1 issue) 🎉

1 test got checked. 🤔
1 test got checked for the first time! 🎉
",
  "🌟 Betterer:
",
  "🌟 Betterer: 1 test running...
🤔 test: running \\"test\\"!
",
  "🌟 Betterer: 1 test running...
✅ test: \\"test\\" stayed the same. (1 issue) 😐
",
  "🎉 Betterer: 1 test done!
✅ test: \\"test\\" stayed the same. (1 issue) 😐
",
  "🎉 Betterer: 1 test done!
✅ test: \\"test\\" stayed the same. (1 issue) 😐

1 test got checked. 🤔
1 test stayed the same. 😐

All test results stayed the same, but your code has changed in other ways.
You should make sure the results file is up-to-date before committing, and also after a rebase! 🔃
",
]
`;
